11:52:22 **** Incremental Build of configuration Debug for project _Sub_FW_FlightController ****
make -j20 all 
arm-none-eabi-gcc "../Core/Src/stm32u5xx_it.c" -mcpu=cortex-m33 -std=gnu11 -g3 -DDEBUG -DUSE_FULL_LL_DRIVER -DUSE_HAL_DRIVER -DSTM32U575xx -c -I../Core/Inc -I../Drivers/STM32U5xx_HAL_Driver/Inc -I../Drivers/STM32U5xx_HAL_Driver/Inc/Legacy -I../Drivers/CMSIS/Device/ST/STM32U5xx/Include -I../Drivers/CMSIS/Include -I../Middlewares/Third_Party/FreeRTOS/Source/include/ -I../Middlewares/Third_Party/FreeRTOS/Source/portable/GCC/ARM_CM33_NTZ/non_secure/ -I../Middlewares/Third_Party/FreeRTOS/Source/CMSIS_RTOS_V2/ -I../Middlewares/Third_Party/CMSIS/RTOS2/Include/ -O0 -ffunction-sections -fdata-sections -Wall -fstack-usage -fcyclomatic-complexity -MMD -MP -MF"Core/Src/stm32u5xx_it.d" -MT"Core/Src/stm32u5xx_it.o" --specs=nano.specs -mfpu=fpv5-sp-d16 -mfloat-abi=hard -mthumb -o "Core/Src/stm32u5xx_it.o"
arm-none-eabi-gcc -o "_Sub_FW_FlightController.elf" @"objects.list"   -mcpu=cortex-m33 -T"D:\Projects\STP\Quadcopter\Firmware\_Sub_FW_FlightController\v1_20230113\Design Folder\_Sub_FW_FlightController\STM32U575ZITXQ_FLASH.ld" --specs=nosys.specs -Wl,-Map="_Sub_FW_FlightController.map" -Wl,--gc-sections -static --specs=nano.specs -mfpu=fpv5-sp-d16 -mfloat-abi=hard -mthumb -Wl,--start-group -lc -lm -Wl,--end-group
Finished building target: _Sub_FW_FlightController.elf
 
arm-none-eabi-size  _Sub_FW_FlightController.elf 
arm-none-eabi-objdump -h -S _Sub_FW_FlightController.elf  > "_Sub_FW_FlightController.list"
   text	   data	    bss	    dec	    hex	filename
  54324	     28	  14404	  68756	  10c94	_Sub_FW_FlightController.elf
Finished building: default.size.stdout
 
Finished building: _Sub_FW_FlightController.list
 

11:52:24 Build Finished. 0 errors, 0 warnings. (took 1s.351ms)

