13:21:08 **** Incremental Build of configuration Debug for project _TestCode_STM32U575 ****
make -j20 all 
arm-none-eabi-gcc "../Core/Src/stm32u5xx_it.c" -mcpu=cortex-m33 -std=gnu11 -g3 -DDEBUG -DUSE_HAL_DRIVER -DSTM32U575xx -c -I../Core/Inc -I../Drivers/STM32U5xx_HAL_Driver/Inc -I../Drivers/STM32U5xx_HAL_Driver/Inc/Legacy -I../Drivers/CMSIS/Device/ST/STM32U5xx/Include -I../Drivers/CMSIS/Include -O0 -ffunction-sections -fdata-sections -Wall -fstack-usage -fcyclomatic-complexity -MMD -MP -MF"Core/Src/stm32u5xx_it.d" -MT"Core/Src/stm32u5xx_it.o" --specs=nano.specs -mfpu=fpv5-sp-d16 -mfloat-abi=hard -mthumb -o "Core/Src/stm32u5xx_it.o"
arm-none-eabi-gcc -o "_TestCode_STM32U575.elf" @"objects.list"   -mcpu=cortex-m33 -T"D:\Projects\STP\Drone\Firmware\_SUB_FW_EquilibriumController\v1_20240506\Design Folder\_TestCode_STM32U575\STM32U575ZITXQ_FLASH.ld" --specs=nosys.specs -Wl,-Map="_TestCode_STM32U575.map" -Wl,--gc-sections -static --specs=nano.specs -mfpu=fpv5-sp-d16 -mfloat-abi=hard -mthumb -Wl,--start-group -lc -lm -Wl,--end-group
Finished building target: _TestCode_STM32U575.elf
 
arm-none-eabi-size  _TestCode_STM32U575.elf 
arm-none-eabi-objdump -h -S _TestCode_STM32U575.elf  > "_TestCode_STM32U575.list"
   text	   data	    bss	    dec	    hex	filename
  40952	     21	   2120	  43093	   a855	_TestCode_STM32U575.elf
Finished building: default.size.stdout
 
Finished building: _TestCode_STM32U575.list
 

13:21:08 Build Finished. 0 errors, 0 warnings. (took 842ms)

